[INFO] Scanning for projects...
[INFO] 
[INFO] --------------------------< com.azienda:demo >--------------------------
[INFO] Building atm 0.0.1-SNAPSHOT
[INFO]   from pom.xml
[INFO] --------------------------------[ jar ]---------------------------------
[INFO] 
[INFO] >>> spring-boot:4.0.1:run (default-cli) > test-compile @ demo >>>
[INFO] 
[INFO] --- resources:3.3.1:resources (default-resources) @ demo ---
[INFO] Copying 1 resource from src\main\resources to target\classes
[INFO] Copying 0 resource from src\main\resources to target\classes
[INFO] 
[INFO] --- compiler:3.14.1:compile (default-compile) @ demo ---
[INFO] Nothing to compile - all classes are up to date.
[INFO] 
[INFO] --- resources:3.3.1:testResources (default-testResources) @ demo ---
[INFO] Copying 1 resource from src\test\resources to target\test-classes
[INFO] 
[INFO] --- compiler:3.14.1:testCompile (default-testCompile) @ demo ---
[INFO] Nothing to compile - all classes are up to date.
[INFO] 
[INFO] <<< spring-boot:4.0.1:run (default-cli) < test-compile @ demo <<<
[INFO] 
[INFO] 
[INFO] --- spring-boot:4.0.1:run (default-cli) @ demo ---
[INFO] Attaching agents: []

  .   ____          _            __ _ _
 /\\ / ___'_ __ _ _(_)_ __  __ _ \ \ \ \
( ( )\___ | '_ | '_| | '_ \/ _` | \ \ \ \
 \\/  ___)| |_)| | | | | || (_| |  ) ) ) )
  '  |____| .__|_| |_|_| |_\__, | / / / /
 =========|_|==============|___/=/_/_/_/

 :: Spring Boot ::                (v4.0.1)

2025-12-22T01:20:04.679+01:00  INFO 4828 --- [atm] [           main] com.azienda.demo.AtmApplication          : Starting AtmApplication using Java 21.0.9 with PID 4828 (C:\Wa\ATM\BE\target\classes started by nicol in C:\Wa\ATM\BE)
2025-12-22T01:20:04.681+01:00  INFO 4828 --- [atm] [           main] com.azienda.demo.AtmApplication          : No active profile set, falling back to 1 default profile: "default"
2025-12-22T01:20:05.052+01:00  INFO 4828 --- [atm] [           main] .s.d.r.c.RepositoryConfigurationDelegate : Bootstrapping Spring Data JPA repositories in DEFAULT mode.
2025-12-22T01:20:05.092+01:00  INFO 4828 --- [atm] [           main] .s.d.r.c.RepositoryConfigurationDelegate : Finished Spring Data repository scanning in 25 ms. Found 3 JPA repository interfaces.
2025-12-22T01:20:05.431+01:00  INFO 4828 --- [atm] [           main] o.s.boot.tomcat.TomcatWebServer          : Tomcat initialized with port 8080 (http)
2025-12-22T01:20:05.440+01:00  INFO 4828 --- [atm] [           main] o.apache.catalina.core.StandardService   : Starting service [Tomcat]
2025-12-22T01:20:05.440+01:00  INFO 4828 --- [atm] [           main] o.apache.catalina.core.StandardEngine    : Starting Servlet engine: [Apache Tomcat/11.0.15]
2025-12-22T01:20:05.473+01:00  INFO 4828 --- [atm] [           main] b.w.c.s.WebApplicationContextInitializer : Root WebApplicationContext: initialization completed in 763 ms
2025-12-22T01:20:05.573+01:00  INFO 4828 --- [atm] [           main] org.hibernate.orm.jpa                    : HHH008540: Processing PersistenceUnitInfo [name: default]
2025-12-22T01:20:05.611+01:00  INFO 4828 --- [atm] [           main] org.hibernate.orm.core                   : HHH000001: Hibernate ORM core version 7.2.0.Final
2025-12-22T01:20:05.875+01:00  INFO 4828 --- [atm] [           main] o.s.o.j.p.SpringPersistenceUnitInfo      : No LoadTimeWeaver setup: ignoring JPA class transformer
2025-12-22T01:20:05.903+01:00  INFO 4828 --- [atm] [           main] com.zaxxer.hikari.HikariDataSource       : HikariPool-1 - Starting...
2025-12-22T01:20:06.003+01:00  INFO 4828 --- [atm] [           main] com.zaxxer.hikari.pool.HikariPool        : HikariPool-1 - Added connection com.mysql.cj.jdbc.ConnectionImpl@65ad2b42
2025-12-22T01:20:06.004+01:00  INFO 4828 --- [atm] [           main] com.zaxxer.hikari.HikariDataSource       : HikariPool-1 - Start completed.
2025-12-22T01:20:06.050+01:00  INFO 4828 --- [atm] [           main] org.hibernate.orm.connections.pooling    : HHH10001005: Database info:
	Database JDBC URL [jdbc:mysql://localhost:3306/atm?createDatabaseIfNotExist=true&useSSL=false&allowPublicKeyRetrieval=true&serverTimezone=Europe/Rome]
	Database driver: MySQL Connector/J
	Database dialect: MySQLDialect
	Database version: 8.0.44
	Default catalog/schema: atm/undefined
	Autocommit mode: undefined/unknown
	Isolation level: REPEATABLE_READ [default REPEATABLE_READ]
	JDBC fetch size: none
	Pool: DataSourceConnectionProvider
	Minimum pool size: undefined/unknown
	Maximum pool size: undefined/unknown
2025-12-22T01:20:06.580+01:00  INFO 4828 --- [atm] [           main] org.hibernate.orm.core                   : HHH000489: No JTA platform available (set 'hibernate.transaction.jta.platform' to enable JTA platform integration)
2025-12-22T01:20:06.631+01:00  INFO 4828 --- [atm] [           main] j.LocalContainerEntityManagerFactoryBean : Initialized JPA EntityManagerFactory for persistence unit 'default'
2025-12-22T01:20:06.684+01:00  INFO 4828 --- [atm] [           main] o.s.d.j.r.query.QueryEnhancerFactories   : Hibernate is in classpath; If applicable, HQL parser will be used.
2025-12-22T01:20:07.552+01:00  INFO 4828 --- [atm] [           main] o.s.boot.tomcat.TomcatWebServer          : Tomcat started on port 8080 (http) with context path '/'
2025-12-22T01:20:07.564+01:00  INFO 4828 --- [atm] [           main] com.azienda.demo.AtmApplication          : Started AtmApplication in 3.13 seconds (process running for 3.36)
